*** hdr.created pos:[b01_intro.bsh;f_lib_header;107] tms:[260929222322]
>>> b01_intro.bsh<2026.09.29__22:23:22>:[107]:{0}
=== m[01] : pwd at:[110]
=== m[02] : logDir at:[115]
--- T:[b01_intro.bsh;117]:'DIR:= '/home/peter/VCS/fwk/temp' && '/home/peter/VCS/fwk/temp''
=== m[03] : envCheck at:[120]
\tenvCheck
=v= Library:<> Version:<'260929::222004'> BASH:<'5.2.37(1)-release'>
=== m[04] : output at:[132]
--- s[01] : simple at:[135]
--- s[02] : multiline at:[138]
--- s[03] : echo Test777 at:[164]
\techo -n [167]
\techoTestEnd
\techo -e [176]
\techo -E [182]
Direkter Text
--- s[04] : printf at:[196]
\tprintf.integer <4711> [203]
\tprintf.integer with leading zero <12> [207]
\tprintf+++.integer using:print -v <Variable> [211]
\t\t X:=<'007'>
\tprintf.integer <12> [218]
\tx:=<'012'>
\tx:=<'00012'>
\tprintf.string <12> [226]
\tx:=<'12'>
\tprintf.string <0> [234]
\tx:=<'0'>
\tprintf.char <0> [240]
\tx:=<'0'>
\tprintf.float <0> [246]
\tf:<0000.000>
\tprintf decimal(64) [253]
\tdec:=<'64'> hex:<'40'> oct:<'100'>
\tprintf octal(0123) [259]
\tdec:=<'83'> hex:<'53'> oct:<'123'>
\tprintf hex(0x1AbC) [265]
\tdec:=<'6844'> hex:<'1ABC'> oct:<'15274'>
this text is red
this green
and I am blue
or may be yellow
<<< TIME now is:1790713402.983842278
... logFile.ftr<'/home/peter/VCS/fwk/temp/b01_intro.log'> by LIB created and written.
<<< b01_intro.bsh<2026.09.29__22:23:23>:{260929222323}:[329]:{0};elapsed:<1> seconds.
