*** hdr.created pos:[run_c89Tutor.bsh;f_lib_header;710] tms:[260929222941]
>>> run_c89Tutor.bsh<2026.09.29__22:29:41>:[710]:{58}
>>> RUN:TutorC89:{run_c89Tutor.bsh}:{260929:222941}:EC={58}
MODE::compile
+++ [1/11]:'c01_intro.c': ...
=*= iRc==0
;
+++ [2/11]:'c02_dataType.c': ...
=*= iRc==0
;
+++ [3/11]:'c03_operator.c': ...
=*= iRc==0
;
+++ [4/11]:'c04_struct.c': ...
=*= iRc==0
;
+++ [5/11]:'c05_control.c': ...
=*= iRc==0
;
+++ [6/11]:'c06_macro.c': ...
=*= iRc==0
;
+++ [7/11]:'c07_function.c': ...
=*= iRc==0
;
+++ [8/11]:'c08_io.c': ...
=*= iRc==0
;
+++ [9/11]:'c09_system.c': ...
=*= iRc==0
;
+++ [10/11]:'c10_module.c': ...
=*= iRc==0
;
+++ [11/11]:'c11_misc.c': ...
=*= iRc==0
;
MODE::run
+++ [1/11]:'c01_intro.bin' ...
=*= iRc==0
;
+++ [2/11]:'c02_dataType.bin' ...
=*= iRc==0
;
+++ [3/11]:'c03_operator.bin' ...
=*= iRc==0
;
+++ [4/11]:'c04_struct.bin' ...
=*= iRc==0
;
+++ [5/11]:'c05_control.bin' ...
=*= iRc==0
;
+++ [6/11]:'c06_macro.bin' ...
=*= iRc==0
;
+++ [7/11]:'c07_function.bin' ...
=*= iRc==0
;
+++ [8/11]:'c08_io.bin' ...
=*= iRc==0
;
+++ [9/11]:'c09_system.bin' ...
=*= iRc==0
;
+++ [10/11]:'c10_module.bin' ...
=*= iRc==0
;
+++ [11/11]:'c11_misc.bin' ...
=*= iRc==0
;
<<< perform.READY OK=<11> Error=<0>
--- T:[Body;796]:'calcTime'
--- T:[Body;817]:'perform logging'
--- T:[f_main_logging;556]:'f:commonLogging'
&&& d:p1:[>>> RUN:TutorC89:{run_c89Tutor.bsh}:{260929:222941}:EC={58}] [557]
=i= APPEND: fLog[1]={/home/peter/VCS/fwk/temp/c89_c01_001.log} >> {/home/peter/VCS/fwk/temp/run_c89Tutor.bsh.tmp.log}
=i= APPEND: fLog[2]={/home/peter/VCS/fwk/temp/c89_c02_001.log} >> {/home/peter/VCS/fwk/temp/run_c89Tutor.bsh.tmp.log}
=i= APPEND: fLog[3]={/home/peter/VCS/fwk/temp/c89_c03_001.log} >> {/home/peter/VCS/fwk/temp/run_c89Tutor.bsh.tmp.log}
=i= APPEND: fLog[4]={/home/peter/VCS/fwk/temp/c89_c04_001.log} >> {/home/peter/VCS/fwk/temp/run_c89Tutor.bsh.tmp.log}
=i= APPEND: fLog[5]={/home/peter/VCS/fwk/temp/c89_c05_001.log} >> {/home/peter/VCS/fwk/temp/run_c89Tutor.bsh.tmp.log}
=i= APPEND: fLog[6]={/home/peter/VCS/fwk/temp/c89_c06_001.log} >> {/home/peter/VCS/fwk/temp/run_c89Tutor.bsh.tmp.log}
=i= APPEND: fLog[7]={/home/peter/VCS/fwk/temp/c89_c07_001.log} >> {/home/peter/VCS/fwk/temp/run_c89Tutor.bsh.tmp.log}
=i= APPEND: fLog[8]={/home/peter/VCS/fwk/temp/c89_c08_001.log} >> {/home/peter/VCS/fwk/temp/run_c89Tutor.bsh.tmp.log}
=i= APPEND: fLog[9]={/home/peter/VCS/fwk/temp/c89_c09_001.log} >> {/home/peter/VCS/fwk/temp/run_c89Tutor.bsh.tmp.log}
=i= APPEND: fLog[10]={/home/peter/VCS/fwk/temp/c89_c10_001.log} >> {/home/peter/VCS/fwk/temp/run_c89Tutor.bsh.tmp.log}
=i= APPEND: fLog[11]={/home/peter/VCS/fwk/temp/c89_c11_001.log} >> {/home/peter/VCS/fwk/temp/run_c89Tutor.bsh.tmp.log}
=e= copy** '/home/peter/VCS/fwk/temp/run_c89Tutor.bsh.tmp.log' => '/home/peter/VCS/fwk/temp/c89_sum_260929222941.log'
=e= rename '/home/peter/VCS/fwk/temp/run_c89Tutor.bsh.tmp.log' => '/home/peter/VCS/fwk/temp/run_c89Tutor.bsh.log'
=l= *created* run-logfile:'/home/peter/VCS/fwk/temp/run_c89Tutor.bsh.log'
--- T:[f_main_logging;581]:'copy+'
--- s:=x= copy+! '/home/peter/VCS/fwk/temp/run_c89Tutor.bsh.log' => ''
<<< STP:TutorC89:{run_c89Tutor.bsh}:{260929:222943}:time.elapsed:{2.55}
... logFile.ftr<'/home/peter/VCS/fwk/temp/run_c89Tutor.log'> by LIB created and written.
<<< run_c89Tutor.bsh<2026.09.29__22:29:45>:{260929222945}:[826]:{58};elapsed:<3> seconds.
